// Jest Snapshot v1, https://goo.gl/fbAQLP

exports[`Search component should render Search component 1`] = `
Array [
  <p
    class="title"
  >
    find your movie
  </p>,
  <form
    class="form"
  >
    <input
      class="field"
      placeholder="search movie"
      type="text"
    />
    <div
      class="buttons"
    >
      <span
        class="text"
      >
        search by
      </span>
      <ul
        class="list"
      >
        <li
          class="item"
        >
          <button
            class="button tag primary"
            data-test-id="search-tag-btn"
            type="button"
          >
            one
          </button>
        </li>
        <li
          class="item"
        >
          <button
            class="button tag primary"
            data-test-id="search-tag-btn"
            type="button"
          >
            two
          </button>
        </li>
        <li
          class="item"
        >
          <button
            class="button tag primary"
            data-test-id="search-tag-btn"
            type="button"
          >
            three
          </button>
        </li>
      </ul>
      <button
        class="button search primary"
        data-test-id="search-btn"
        type="button"
      >
        search
      </button>
    </div>
  </form>,
]
`;
