// Jest Snapshot v1, https://goo.gl/fbAQLP

exports[`Main component should render Main component 1`] = `
Array [
  <div
    class="filter"
  >
    <div>
      <p
        class="result"
      >
        7 movies found
      </p>
    </div>
    <div
      class="buttons"
    >
      <p
        class="text"
      >
        Sort by
      </p>
      <ul
        class="list"
      >
        <li
          class="item"
        >
          <button
            class="button tag secondary"
            type="button"
          >
            release
          </button>
        </li>
        <li
          class="item"
        >
          <button
            class="button tag secondary"
            type="button"
          >
            date
          </button>
        </li>
        <li
          class="item"
        >
          <button
            class="button tag secondary"
            type="button"
          >
            rating
          </button>
        </li>
      </ul>
    </div>
  </div>,
  <section
    class="movies"
  >
    <div
      class="movie"
    >
      <img
        alt="Black Widow"
        class="poster"
        src="https://image.tmdb.org/t/p/w500/qAZ0pzat24kLdO3o8ejmbLxyOac.jpg"
      />
      <div
        class="info"
      >
        <h3
          class="title"
        >
          Black Widow
        </h3>
        <span
          class="year"
        >
          2021
        </span>
      </div>
      <ul
        class="genres"
      >
        <li
          class="genre"
        >
          Action
        </li>
        <li
          class="genre"
        >
          Adventure
        </li>
        <li
          class="genre"
        >
          Thriller
        </li>
        <li
          class="genre"
        >
          Science Fiction
        </li>
      </ul>
    </div>
    <div
      class="movie"
    >
      <img
        alt="The Boss Baby: Family Business"
        class="poster"
        src="https://image.tmdb.org/t/p/w500/5dExO5G2iaaTxYnLIFKLWofDzyI.jpg"
      />
      <div
        class="info"
      >
        <h3
          class="title"
        >
          The Boss Baby: Family Business
        </h3>
        <span
          class="year"
        >
          2021
        </span>
      </div>
      <ul
        class="genres"
      >
        <li
          class="genre"
        >
          Animation
        </li>
        <li
          class="genre"
        >
          Comedy
        </li>
        <li
          class="genre"
        >
          Adventure
        </li>
        <li
          class="genre"
        >
          Family
        </li>
      </ul>
    </div>
    <div
      class="movie"
    >
      <img
        alt="The Tomorrow War"
        class="poster"
        src="https://image.tmdb.org/t/p/w500/34nDCQZwaEvsy4CFO5hkGRFDCVU.jpg"
      />
      <div
        class="info"
      >
        <h3
          class="title"
        >
          The Tomorrow War
        </h3>
        <span
          class="year"
        >
          2021
        </span>
      </div>
      <ul
        class="genres"
      >
        <li
          class="genre"
        >
          Action
        </li>
        <li
          class="genre"
        >
          Science Fiction
        </li>
      </ul>
    </div>
    <div
      class="movie"
    >
      <img
        alt="Space Jam: A New Legacy"
        class="poster"
        src="https://image.tmdb.org/t/p/w500/5bFK5d3mVTAvBCXi5NPWH0tYjKl.jpg"
      />
      <div
        class="info"
      >
        <h3
          class="title"
        >
          Space Jam: A New Legacy
        </h3>
        <span
          class="year"
        >
          2021
        </span>
      </div>
      <ul
        class="genres"
      >
        <li
          class="genre"
        >
          Animation
        </li>
        <li
          class="genre"
        >
          Comedy
        </li>
        <li
          class="genre"
        >
          Family
        </li>
        <li
          class="genre"
        >
          Science Fiction
        </li>
      </ul>
    </div>
    <div
      class="movie"
    >
      <img
        alt="Luca"
        class="poster"
        src="https://image.tmdb.org/t/p/w500/jTswp6KyDYKtvC52GbHagrZbGvD.jpg"
      />
      <div
        class="info"
      >
        <h3
          class="title"
        >
          Luca
        </h3>
        <span
          class="year"
        >
          2021
        </span>
      </div>
      <ul
        class="genres"
      >
        <li
          class="genre"
        >
          Animation
        </li>
        <li
          class="genre"
        >
          Comedy
        </li>
        <li
          class="genre"
        >
          Family
        </li>
        <li
          class="genre"
        >
          Fantasy
        </li>
      </ul>
    </div>
    <div
      class="movie"
    >
      <img
        alt="F9"
        class="poster"
        src="https://image.tmdb.org/t/p/w500/bOFaAXmWWXC3Rbv4u4uM9ZSzRXP.jpg"
      />
      <div
        class="info"
      >
        <h3
          class="title"
        >
          F9
        </h3>
        <span
          class="year"
        >
          2021
        </span>
      </div>
      <ul
        class="genres"
      >
        <li
          class="genre"
        >
          Action
        </li>
        <li
          class="genre"
        >
          Adventure
        </li>
        <li
          class="genre"
        >
          Crime
        </li>
        <li
          class="genre"
        >
          Thriller
        </li>
      </ul>
    </div>
    <div
      class="movie"
    >
      <img
        alt="The Forever Purge"
        class="poster"
        src="https://image.tmdb.org/t/p/w500/uHA5COgDzcxjpYSHHulrKVl6ByL.jpg"
      />
      <div
        class="info"
      >
        <h3
          class="title"
        >
          The Forever Purge
        </h3>
        <span
          class="year"
        >
          2021
        </span>
      </div>
      <ul
        class="genres"
      >
        <li
          class="genre"
        >
          Adventure
        </li>
        <li
          class="genre"
        >
          Thriller
        </li>
        <li
          class="genre"
        >
          Action
        </li>
        <li
          class="genre"
        >
          Horror
        </li>
        <li
          class="genre"
        >
          Western
        </li>
      </ul>
    </div>
  </section>,
]
`;
